
> app@0.1.0 build
> next build

   Ôû▓ Next.js 15.5.7
   - Environments: .env.local
   - Experiments (use with caution):
     ┬À serverActions

   Creating an optimized production build ...
node.exe : node:fs:385
No linha:1 caractere:1
+ & "C:\Program 
Files\nodejs/node.exe" 
"C:\Program 
Files\nodejs/node_mo ...
+ ~~~~~~~~~~~~~~~~~~~~~~~~~~~
~~~~~~~~~~~~~~~~~~~~~~~~~~~~~
~~~~~~~~~~~~~
    + CategoryInfo           
   : NotSpecified: (node:fs  
  :385:String) [], RemoteE   
 xception
    + FullyQualifiedErrorId  
   : NativeCommandError
 
  binding.open(getValidatedPa
th(path), flagsNumber, 
0o666, req);
               ^

TypeError: The argument 
'path' must be a string, 
Uint8Array, or URL without 
null bytes. Received 'D:\\\x0
0#PROJETOS-VERCEL\\PFMBRASIL-
PROJETO\\node_modules\\date-f
ns\\add.js'
    at readFile 
(node:fs:385:16)
    at go$readFile (D:\#PROJE
TOS-VERCEL\PFMBRASIL-PROJETO\
node_modules\next\dist\compil
ed\webpack\bundle5.js:1:26767
4)
    at Object.readFile (D:\#P
ROJETOS-VERCEL\PFMBRASIL-PROJ
ETO\node_modules\next\dist\co
mpiled\webpack\bundle5.js:1:2
67618)
    at CacheBackend.provide (
D:\#PROJETOS-VERCEL\PFMBRASIL
-PROJETO\node_modules\next\di
st\compiled\webpack\bundle5.j
s:1:168325)
    at source (D:\#PROJETOS-V
ERCEL\PFMBRASIL-PROJETO\node_
modules\next\dist\build\webpa
ck\loaders\next-barrel-loader
.js:143:16)
    at new Promise 
(<anonymous>)
    at getMatches (D:\#PROJET
OS-VERCEL\PFMBRASIL-PROJETO\n
ode_modules\next\dist\build\w
ebpack\loaders\next-barrel-lo
ader.js:142:30)
    at D:\#PROJETOS-VERCEL\PF
MBRASIL-PROJETO\node_modules\
next\dist\build\webpack\loade
rs\next-barrel-loader.js:177:
45
    at process.processTicksAn
dRejections (node:internal/pr
ocess/task_queues:103:5)
    at async Promise.all 
(index 0) {
  code: 
'ERR_INVALID_ARG_VALUE'
}

Node.js v24.13.1
Next.js build worker exited 
with code: 1 and signal: null
